    Checking attention v0.1.0 (/mnt/fast980/projects/src/rasat/src/research/cutile-mlp/src/attention)
    Finished `release` profile [optimized] target(s) in 0.26s
   Compiling rasat-ml v0.1.0 (/mnt/fast980/projects/src/rasat/src/research/cutile-mlp/src/rasat-ml)
   Compiling attention v0.1.0 (/mnt/fast980/projects/src/rasat/src/research/cutile-mlp/src/attention)
   Compiling mlp v0.1.0 (/mnt/fast980/projects/src/rasat/src/research/cutile-mlp/src/mlp)
    Finished `release` profile [optimized] target(s) in 2.59s
     Running unittests src/train.rs (cutile-mlp/target/release/deps/axis_attention-a969f2dd4f435e1b)

running 2 tests
test tests::attention_forward_gradients_layouts_and_causality ... ignored, requires CUDA; workspace check enables this
test tests::named_softmax_stability_and_mask_contract ... ignored, requires CUDA; workspace check enables this

test result: ok. 0 passed; 0 failed; 2 ignored; 0 measured; 0 filtered out; finished in 0.00s

     Running unittests src/train.rs (cutile-mlp/target/release/deps/cutile_cnn-800b471553d3112d)

running 0 tests

test result: ok. 0 passed; 0 failed; 0 ignored; 0 measured; 0 filtered out; finished in 0.00s

     Running unittests src/train.rs (cutile-mlp/target/release/deps/axis_mlp-d7b6b2b45a452c71)

running 1 test
test tests::mlp_matches_retained_f64_oracle ... ignored, requires CUDA; scripts/check.sh runs these explicitly

test result: ok. 0 passed; 0 failed; 1 ignored; 0 measured; 0 filtered out; finished in 0.00s

     Running unittests src/baseline.rs (cutile-mlp/target/release/deps/cutile_mlp-5f1e15fb2d1e7b0a)

running 0 tests

test result: ok. 0 passed; 0 failed; 0 ignored; 0 measured; 0 filtered out; finished in 0.00s

     Running unittests src/lib.rs (cutile-mlp/target/release/deps/rasat_ml-7682aa087d2f5203)

running 5 tests
test tests::algebra_and_errors_are_explicit ... ignored, requires CUDA
test tests::odd_features_short_batch_unrelated_axes_and_storage_order ... ignored, requires CUDA
test tests::parameter_versions_accumulation_and_shared_updates ... ignored, requires CUDA
test tests::shared_axes_contract_and_both_input_derivatives ... ignored, requires CUDA
test axis::tests::identity_binding_and_validation ... ok

test result: ok. 1 passed; 0 failed; 4 ignored; 0 measured; 0 filtered out; finished in 0.00s

   Doc-tests rasat_ml

running 0 tests

test result: ok. 0 passed; 0 failed; 0 ignored; 0 measured; 0 filtered out; finished in 0.00s

    Finished `release` profile [optimized] target(s) in 0.06s
     Running unittests src/train.rs (cutile-mlp/target/release/deps/axis_attention-a969f2dd4f435e1b)

running 2 tests
test tests::attention_forward_gradients_layouts_and_causality ... check causal attention forward: PASS 60 elements max_abs_error=5.16e-8
check attention finite-difference gradient 0: PASS 60 elements max_abs_error=9.57e-11
check attention finite-difference gradient 1: PASS 60 elements max_abs_error=2.54e-10
check attention finite-difference gradient 2: PASS 60 elements max_abs_error=8.84e-10
check causal attention forward: PASS 60 elements max_abs_error=5.16e-8
check attention finite-difference gradient 0: PASS 60 elements max_abs_error=9.57e-11
check attention finite-difference gradient 1: PASS 60 elements max_abs_error=2.54e-10
check attention finite-difference gradient 2: PASS 60 elements max_abs_error=8.84e-10
check future token isolation: PASS 24 elements max_abs_error=5.16e-8
check future token isolation: PASS 24 elements max_abs_error=4.19e-8
check one-key query gradient: PASS 60 elements max_abs_error=0.00e0
check one-key key gradient: PASS 60 elements max_abs_error=0.00e0
check masked value gradients: PASS 60 elements max_abs_error=8.69e-10
ok
test tests::named_softmax_stability_and_mask_contract ... check stable nonfinal-axis softmax: PASS 6 elements max_abs_error=7.19e-8
check softmax derivative: PASS 6 elements max_abs_error=2.24e-8
ok

test result: ok. 2 passed; 0 failed; 0 ignored; 0 measured; 0 filtered out; finished in 8.15s

     Running unittests src/train.rs (cutile-mlp/target/release/deps/cutile_cnn-800b471553d3112d)

running 0 tests

test result: ok. 0 passed; 0 failed; 0 ignored; 0 measured; 0 filtered out; finished in 0.00s

     Running unittests src/train.rs (cutile-mlp/target/release/deps/axis_mlp-d7b6b2b45a452c71)

running 1 test
test tests::mlp_matches_retained_f64_oracle ... check finite differences: PASS 16 parameters max_abs_error=3.59e-11
check MLP predictions: PASS 512 elements max_abs_error=3.28e-7
check MLP gradient 0: PASS 512 elements max_abs_error=3.19e-9
check MLP gradient 1: PASS 32 elements max_abs_error=7.89e-9
check MLP gradient 2: PASS 512 elements max_abs_error=1.24e-8
check MLP gradient 3: PASS 16 elements max_abs_error=1.12e-8
check MLP input gradients: PASS 512 elements max_abs_error=2.32e-9
check MLP update 0: PASS 512 elements max_abs_error=3.09e-8
check MLP update 1: PASS 32 elements max_abs_error=5.81e-9
check MLP update 2: PASS 512 elements max_abs_error=1.65e-8
check MLP update 3: PASS 16 elements max_abs_error=7.39e-9
ok

test result: ok. 1 passed; 0 failed; 0 ignored; 0 measured; 0 filtered out; finished in 3.21s

     Running unittests src/baseline.rs (cutile-mlp/target/release/deps/cutile_mlp-5f1e15fb2d1e7b0a)

running 0 tests

test result: ok. 0 passed; 0 failed; 0 ignored; 0 measured; 0 filtered out; finished in 0.00s

     Running unittests src/lib.rs (cutile-mlp/target/release/deps/rasat_ml-7682aa087d2f5203)

running 4 tests
test tests::algebra_and_errors_are_explicit ... check split/merge values: PASS 24 elements max_abs_error=0.00e0
check split/merge gradient: PASS 24 elements max_abs_error=1.24e-9
check reordered merge: PASS 24 elements max_abs_error=0.00e0
check reordered merge gradient: PASS 24 elements max_abs_error=3.97e-8
check logical-axis alignment: PASS 6 elements max_abs_error=0.00e0
check broadcast input gradient: PASS 6 elements max_abs_error=4.97e-9
check broadcast bias reduction: PASS 3 elements max_abs_error=9.93e-9
check scalar broadcast gradient: PASS 1 elements max_abs_error=0.00e0
check ReLU derivative including zero: PASS 3 elements max_abs_error=9.93e-9
ok
test tests::odd_features_short_batch_unrelated_axes_and_storage_order ... check odd/layout predictions: PASS 30 elements max_abs_error=1.72e-7
check canonical predictions: PASS 30 elements max_abs_error=1.72e-7
check leading logical feature axis: PASS 30 elements max_abs_error=1.72e-7
check odd/layout input gradients: PASS 102 elements max_abs_error=1.75e-8
check odd/layout weight gradients: PASS 85 elements max_abs_error=3.12e-8
check odd/layout bias gradients: PASS 5 elements max_abs_error=2.01e-8
check same-axis Linear: PASS 30 elements max_abs_error=1.72e-7
ok
test tests::parameter_versions_accumulation_and_shared_updates ... check leaf gradient accumulation: PASS 3 elements max_abs_error=7.95e-8
check shared parameter updated once: PASS 3 elements max_abs_error=9.54e-8
check failed step is atomic: PASS 3 elements max_abs_error=0.00e0
check tied layer bias contributions: PASS 3 elements max_abs_error=1.99e-8
check tied layer one update: PASS 3 elements max_abs_error=1.79e-8
ok
test tests::shared_axes_contract_and_both_input_derivatives ... check shared-axis contraction: PASS 48 elements max_abs_error=3.08e-7
check contraction left gradient: PASS 60 elements max_abs_error=6.21e-9
check contraction right gradient: PASS 80 elements max_abs_error=4.35e-9
ok

test result: ok. 4 passed; 0 failed; 0 ignored; 0 measured; 1 filtered out; finished in 13.76s

   Doc-tests rasat_ml

running 0 tests

test result: ok. 0 passed; 0 failed; 0 ignored; 0 measured; 0 filtered out; finished in 0.00s

