   Compiling rasat-ml v0.1.0 (/mnt/fast980/projects/src/rasat/src/research/cutile-mlp)
    Finished `release` profile [optimized] target(s) in 1.70s
     Running `cutile-mlp/target/release/cutile-mlp`
GPU: NVIDIA GeForce RTX 5060
cuTile 0.3.1 | MLP 16 -> 32 ReLU -> 16 | f32 | SGD
check finite differences: PASS 16 parameters max_abs_error=3.59e-11
check prediction: PASS max_abs_error=2.89e-7
check dW1: PASS max_abs_error=4.11e-9
check db1: PASS max_abs_error=3.59e-9
check dW2: PASS max_abs_error=7.63e-9
check db2: PASS max_abs_error=6.17e-9
check updated W1: PASS max_abs_error=2.99e-8
check updated b1: PASS max_abs_error=3.29e-9
check updated W2: PASS max_abs_error=1.43e-8
check updated b2: PASS max_abs_error=3.72e-9
setup_and_verification_seconds=1.57 steps=500 lr=0.50 seed=42
step,train_mse,validation_mse,elapsed_seconds
0,7.51e-1,6.93e-1,0.00
50,1.44e-1,1.51e-1,0.01
100,9.91e-2,1.10e-1,0.02
150,7.92e-2,9.15e-2,0.03
200,6.72e-2,8.08e-2,0.04
250,5.94e-2,7.40e-2,0.05
300,5.39e-2,6.92e-2,0.06
350,4.96e-2,6.54e-2,0.07
400,4.61e-2,6.24e-2,0.08
450,4.33e-2,5.97e-2,0.09
500,4.10e-2,5.74e-2,0.10
PASS train_reduction=94.54% validation_reduction=91.71% elapsed_seconds=0.10
   Compiling rasat-ml v0.1.0 (/mnt/fast980/projects/src/rasat/src/research/cutile-mlp)
    Finished `release` profile [optimized] target(s) in 2.68s
     Running `cutile-mlp/target/release/cutile-cnn --smoke`
GPU: NVIDIA GeForce RTX 5060
cuTile 0.3.1 | CNN 1x10x10 -> conv3x3/16 -> ReLU -> mean -> linear/1 | BCE | SGD
check finite differences: PASS 13 parameters max_abs_error=8.08e-11
check conv+ReLU: PASS max_abs_error=2.65e-7
check mean pooling: PASS max_abs_error=2.89e-8
check logits: PASS max_abs_error=2.60e-8
check d conv weight: PASS max_abs_error=2.97e-9
check d conv bias: PASS max_abs_error=2.64e-9
check d head weight: PASS max_abs_error=3.59e-9
check d head bias: PASS max_abs_error=2.27e-8
check updated conv weight: PASS max_abs_error=2.85e-8
check updated conv bias: PASS max_abs_error=3.33e-9
check updated head weight: PASS max_abs_error=1.30e-8
check updated head bias: PASS max_abs_error=3.77e-9
setup_and_verification_seconds=3.69 steps=10 lr=1.00 seed=42
step,train_bce,validation_bce,train_accuracy,validation_accuracy,elapsed_seconds
0,7.01e-1,7.04e-1,50.00,50.00,0.00
1,6.96e-1,6.99e-1,50.00,50.00,0.00
2,6.92e-1,6.95e-1,50.00,50.00,0.00
3,6.89e-1,6.91e-1,60.16,53.12,0.00
4,6.85e-1,6.87e-1,75.00,65.62,0.00
5,6.82e-1,6.84e-1,87.50,81.25,0.00
6,6.78e-1,6.80e-1,96.09,92.97,0.00
7,6.74e-1,6.76e-1,100.00,100.00,0.00
8,6.71e-1,6.73e-1,100.00,100.00,0.00
9,6.67e-1,6.69e-1,100.00,100.00,0.00
10,6.63e-1,6.65e-1,100.00,100.00,0.01
PASS train_reduction=5.54% validation_reduction=5.61% validation_accuracy=100.00% elapsed_seconds=0.01
