axis=0.4.0 source=path dependency backbone=conv-scale steps=3 samples=48 seeds=[11]
axis_profile grouped_submit 0.631703
axis_profile align 0.700662
axis_profile grouped_submit 0.003374
axis_profile grouped_submit 0.003272
axis_profile align 0.052389
axis_profile grouped_submit 0.002978
axis_profile align 0.055608
axis_profile grouped_submit 0.004746
axis_profile mean 0.114050
axis_profile grouped_submit 0.000041
axis_profile align 0.000210
axis_profile grouped_submit 0.000062
axis_profile align 0.000164
axis_profile grouped_submit 0.669793
axis_profile mean 0.669873
axis_profile read 0.000102
axis_profile grouped_submit 0.000095
axis_profile align 0.000122
axis_profile grouped_submit 0.003291
axis_profile grouped_submit 0.000020
axis_profile align 0.000036
axis_profile grouped_submit 0.000073
axis_profile align 0.000102
axis_profile grouped_submit 0.000016
axis_profile mean 0.000031
axis_profile grouped_submit 0.000019
axis_profile align 0.000031
axis_profile grouped_submit 0.000018
axis_profile align 0.000031
axis_profile grouped_submit 0.000041
axis_profile mean 0.000053
axis_profile grouped_submit 0.593518
axis_profile grouped_submit 0.003044
axis_profile grouped_submit 0.003100
axis_profile grouped_submit 0.004974
axis_profile grouped_submit 0.007232
axis_profile grouped_submit 0.008681
axis_profile grouped_submit 0.000040
axis_profile grouped_submit 0.000030
axis_profile synchronize 0.000006
axis_profile grouped_submit 0.000076
axis_profile align 0.000104
axis_profile grouped_submit 0.003539
axis_profile grouped_submit 0.000024
axis_profile align 0.000039
axis_profile grouped_submit 0.000069
axis_profile align 0.000104
axis_profile grouped_submit 0.000016
axis_profile mean 0.000030
axis_profile grouped_submit 0.000018
axis_profile align 0.000029
axis_profile grouped_submit 0.000016
axis_profile align 0.000029
axis_profile grouped_submit 0.000043
axis_profile mean 0.000055
axis_profile grouped_submit 0.000036
axis_profile grouped_submit 0.000030
axis_profile grouped_submit 0.026492
axis_profile grouped_submit 0.000015
axis_profile grouped_submit 0.000015
axis_profile grouped_submit 0.000014
axis_profile grouped_submit 0.000017
axis_profile grouped_submit 0.000015
axis_profile synchronize 0.037697
axis_profile grouped_submit 0.000065
axis_profile align 0.000090
axis_profile grouped_submit 0.003073
axis_profile grouped_submit 0.000020
axis_profile align 0.000035
axis_profile grouped_submit 0.000098
axis_profile align 0.000146
axis_profile grouped_submit 0.000017
axis_profile mean 0.000032
axis_profile grouped_submit 0.000019
axis_profile align 0.000030
axis_profile grouped_submit 0.000016
axis_profile align 0.000029
axis_profile grouped_submit 0.000042
axis_profile mean 0.000054
axis_profile grouped_submit 0.000037
axis_profile grouped_submit 0.000032
axis_profile grouped_submit 0.026563
axis_profile grouped_submit 0.000015
axis_profile grouped_submit 0.000013
axis_profile grouped_submit 0.000013
axis_profile grouped_submit 0.000016
axis_profile grouped_submit 0.000014
axis_profile synchronize 0.039236
axis_profile grouped_submit 0.000068
axis_profile align 0.000096
axis_profile grouped_submit 0.003235
axis_profile grouped_submit 0.000021
axis_profile align 0.000034
axis_profile grouped_submit 0.000070
axis_profile align 0.000097
axis_profile grouped_submit 0.000016
axis_profile mean 0.000030
axis_profile grouped_submit 0.000016
axis_profile align 0.000027
axis_profile grouped_submit 0.000015
axis_profile align 0.000028
axis_profile grouped_submit 0.000038
axis_profile mean 0.000051
axis_profile read 0.010385
axis_profile grouped_submit 0.000108
axis_profile align 0.000140
axis_profile grouped_submit 0.003007
axis_profile grouped_submit 0.000019
axis_profile align 0.000033
axis_profile grouped_submit 0.000074
axis_profile align 0.000103
axis_profile grouped_submit 0.000015
axis_profile mean 0.000029
axis_profile grouped_submit 0.000016
axis_profile align 0.000028
axis_profile grouped_submit 0.000017
axis_profile align 0.000029
axis_profile read 0.010029
backbone=conv-scale method=ordered seed=11 initial=0.285610 final=0.240767 set_mse=0.23245905 ordered_mse=0.24444176 min_center_distance=0.014384 seconds=47.770
axis_profile grouped_submit 0.002832
axis_profile align 0.049336
axis_profile grouped_submit 0.003038
axis_profile grouped_submit 0.002716
axis_profile align 0.049250
axis_profile grouped_submit 0.003281
axis_profile align 0.054073
axis_profile grouped_submit 0.004773
axis_profile mean 0.112023
axis_profile grouped_submit 0.000045
axis_profile align 0.000195
axis_profile grouped_submit 0.000030
axis_profile align 0.000073
axis_profile grouped_submit 0.000057
axis_profile align 0.000810
axis_profile grouped_submit 0.000048
axis_profile mean 0.001127
axis_profile min 0.796369
axis_profile grouped_submit 0.000086
axis_profile mean 0.000108
axis_profile read 0.000016
axis_profile grouped_submit 0.003112
axis_profile align 0.003144
axis_profile grouped_submit 0.003577
axis_profile grouped_submit 0.012271
axis_profile align 0.012299
axis_profile grouped_submit 0.002743
axis_profile align 0.002778
axis_profile grouped_submit 0.011523
axis_profile mean 0.011557
axis_profile grouped_submit 0.000036
axis_profile align 0.000056
axis_profile grouped_submit 0.000030
axis_profile align 0.000049
axis_profile grouped_submit 0.000027
axis_profile align 0.000047
axis_profile grouped_submit 0.000020
axis_profile mean 0.000036
axis_profile min 0.000073
axis_profile grouped_submit 0.000063
axis_profile mean 0.000078
axis_profile grouped_submit 0.000064
axis_profile grouped_submit 0.000036
axis_profile grouped_submit 0.000132
axis_profile grouped_submit 0.000049
axis_profile grouped_submit 0.008314
axis_profile grouped_submit 0.021817
axis_profile grouped_submit 0.026376
axis_profile grouped_submit 0.010055
axis_profile grouped_submit 0.010590
axis_profile grouped_submit 0.000039
axis_profile grouped_submit 0.000031
axis_profile synchronize 0.005688
axis_profile grouped_submit 0.003128
axis_profile align 0.003158
axis_profile grouped_submit 0.003077
axis_profile grouped_submit 0.012588
axis_profile align 0.012621
axis_profile grouped_submit 0.002827
axis_profile align 0.002862
axis_profile grouped_submit 0.011802
axis_profile mean 0.011827
axis_profile grouped_submit 0.000021
axis_profile align 0.000034
axis_profile grouped_submit 0.000018
axis_profile align 0.000030
axis_profile grouped_submit 0.000019
axis_profile align 0.000033
axis_profile grouped_submit 0.000015
axis_profile mean 0.000028
axis_profile min 0.000056
axis_profile grouped_submit 0.000044
axis_profile mean 0.000055
axis_profile grouped_submit 0.000042
axis_profile grouped_submit 0.000030
axis_profile grouped_submit 0.000014
axis_profile grouped_submit 0.000015
axis_profile grouped_submit 0.007784
axis_profile grouped_submit 0.021969
axis_profile grouped_submit 0.026948
axis_profile grouped_submit 0.009999
axis_profile grouped_submit 0.010344
axis_profile grouped_submit 0.000020
axis_profile grouped_submit 0.000017
axis_profile synchronize 0.006223
axis_profile grouped_submit 0.002925
axis_profile align 0.002960
axis_profile grouped_submit 0.003256
axis_profile grouped_submit 0.012859
axis_profile align 0.012886
axis_profile grouped_submit 0.002691
axis_profile align 0.002724
axis_profile grouped_submit 0.011573
axis_profile mean 0.011604
axis_profile grouped_submit 0.000020
axis_profile align 0.000033
axis_profile grouped_submit 0.000019
axis_profile align 0.000031
axis_profile grouped_submit 0.000020
axis_profile align 0.000034
axis_profile grouped_submit 0.000017
axis_profile mean 0.000029
axis_profile min 0.000058
axis_profile grouped_submit 0.000043
axis_profile mean 0.000055
axis_profile grouped_submit 0.000043
axis_profile grouped_submit 0.000040
axis_profile grouped_submit 0.000015
axis_profile grouped_submit 0.000015
axis_profile grouped_submit 0.007348
axis_profile grouped_submit 0.022232
axis_profile grouped_submit 0.026506
axis_profile grouped_submit 0.009823
axis_profile grouped_submit 0.010438
axis_profile grouped_submit 0.000020
axis_profile grouped_submit 0.000016
axis_profile synchronize 0.005826
axis_profile grouped_submit 0.003056
axis_profile align 0.003087
axis_profile grouped_submit 0.003490
axis_profile grouped_submit 0.012784
axis_profile align 0.012809
axis_profile grouped_submit 0.003585
axis_profile align 0.003618
axis_profile grouped_submit 0.012181
axis_profile mean 0.012205
axis_profile grouped_submit 0.000021
axis_profile align 0.000034
axis_profile grouped_submit 0.000019
axis_profile align 0.000032
axis_profile grouped_submit 0.000018
axis_profile align 0.000032
axis_profile grouped_submit 0.000017
axis_profile mean 0.000030
axis_profile min 0.000064
axis_profile grouped_submit 0.000050
axis_profile mean 0.000062
axis_profile read 0.000190
axis_profile grouped_submit 0.003393
axis_profile align 0.003451
axis_profile grouped_submit 0.003231
axis_profile grouped_submit 0.012314
axis_profile align 0.012343
axis_profile grouped_submit 0.002854
axis_profile align 0.002888
axis_profile grouped_submit 0.012139
axis_profile mean 0.012162
axis_profile grouped_submit 0.000019
axis_profile align 0.000031
axis_profile grouped_submit 0.000017
axis_profile align 0.000029
axis_profile read 0.000408
backbone=conv-scale method=set seed=11 initial=0.280453 final=0.224598 set_mse=0.22758923 ordered_mse=0.24550579 min_center_distance=0.039436 seconds=37.554
PASS: completed 2 improving runs
	Command being timed: "/mnt/fast980/projects/src/rasat/build/axis-issue-22/release/perm --conv-scale --smoke"
	User time (seconds): 83.97
	System time (seconds): 2.12
	Percent of CPU this job got: 100%
	Elapsed (wall clock) time (h:mm:ss or m:ss): 1:25.55
	Average shared text size (kbytes): 0
	Average unshared data size (kbytes): 0
	Average stack size (kbytes): 0
	Average total size (kbytes): 0
	Maximum resident set size (kbytes): 576772
	Average resident set size (kbytes): 0
	Major (requiring I/O) page faults: 0
	Minor (reclaiming a frame) page faults: 774497
	Voluntary context switches: 34302
	Involuntary context switches: 3267
	Swaps: 0
	File system inputs: 0
	File system outputs: 0
	Socket messages sent: 0
	Socket messages received: 0
	Signals delivered: 0
	Page size (bytes): 4096
	Exit status: 0
