axis=0.4.0 source=path dependency backbone=conv-scale steps=3 samples=48 seeds=[11]
axis_profile merge 1.802706
axis_profile grouped_submit 0.588371
axis_profile align 0.654861
axis_profile grouped_submit 0.003186
axis_profile merge 1.999741
axis_profile grouped_submit 0.003339
axis_profile align 0.049935
axis_profile merge 1.887990
axis_profile grouped_submit 0.004348
axis_profile align 0.057207
axis_profile grouped_submit 0.004657
axis_profile mean 0.110743
axis_profile grouped_submit 0.000039
axis_profile align 0.000195
axis_profile grouped_submit 0.000057
axis_profile align 0.000152
axis_profile grouped_submit 0.674205
axis_profile mean 0.674295
axis_profile read 0.000101
axis_profile train_zero_grad 0.000006
axis_profile merge 0.000003
axis_profile grouped_submit 0.000034
axis_profile align 0.000047
axis_profile grouped_submit 0.000014
axis_profile merge 0.000029
axis_profile grouped_submit 0.000014
axis_profile align 0.000025
axis_profile merge 0.000002
axis_profile grouped_submit 0.000016
axis_profile align 0.000028
axis_profile grouped_submit 0.000012
axis_profile mean 0.000025
axis_profile grouped_submit 0.000014
axis_profile align 0.000027
axis_profile grouped_submit 0.000014
axis_profile align 0.000026
axis_profile grouped_submit 0.000036
axis_profile mean 0.000048
axis_profile train_loss 0.000812
axis_profile grouped_submit 0.582670
axis_profile grouped_submit 0.003105
axis_profile grouped_submit 0.003259
axis_profile grouped_submit 0.006211
axis_profile grouped_submit 0.008131
axis_profile grouped_submit 0.008146
axis_profile grouped_submit 0.000049
axis_profile grouped_submit 0.000041
axis_profile train_backward 5.980228
axis_profile train_optimizer 0.407695
axis_profile synchronize 0.000037
axis_profile train_boundary 0.000161
axis_profile train_zero_grad 0.000005
axis_profile merge 0.000003
axis_profile grouped_submit 0.000020
axis_profile align 0.000032
axis_profile grouped_submit 0.000015
axis_profile merge 0.000029
axis_profile grouped_submit 0.000015
axis_profile align 0.000025
axis_profile merge 0.000002
axis_profile grouped_submit 0.000018
axis_profile align 0.000031
axis_profile grouped_submit 0.000014
axis_profile mean 0.000026
axis_profile grouped_submit 0.000014
axis_profile align 0.000026
axis_profile grouped_submit 0.000014
axis_profile align 0.000026
axis_profile grouped_submit 0.000036
axis_profile mean 0.000048
axis_profile train_loss 0.000779
axis_profile grouped_submit 0.000032
axis_profile grouped_submit 0.000022
axis_profile grouped_submit 0.000012
axis_profile grouped_submit 0.000012
axis_profile grouped_submit 0.000011
axis_profile grouped_submit 0.000011
axis_profile grouped_submit 0.000011
axis_profile grouped_submit 0.000011
axis_profile train_backward 0.000534
axis_profile train_optimizer 0.000413
axis_profile synchronize 0.102082
axis_profile train_boundary 0.102208
axis_profile train_zero_grad 0.000008
axis_profile merge 0.000003
axis_profile grouped_submit 0.000022
axis_profile align 0.000035
axis_profile grouped_submit 0.000017
axis_profile merge 0.000030
axis_profile grouped_submit 0.000016
axis_profile align 0.000027
axis_profile merge 0.000002
axis_profile grouped_submit 0.000017
axis_profile align 0.000031
axis_profile grouped_submit 0.000014
axis_profile mean 0.000027
axis_profile grouped_submit 0.000016
axis_profile align 0.000027
axis_profile grouped_submit 0.000016
axis_profile align 0.000029
axis_profile grouped_submit 0.000040
axis_profile mean 0.000052
axis_profile train_loss 0.000847
axis_profile grouped_submit 0.000036
axis_profile grouped_submit 0.000029
axis_profile grouped_submit 0.000016
axis_profile grouped_submit 0.000014
axis_profile grouped_submit 0.000013
axis_profile grouped_submit 0.000021
axis_profile grouped_submit 0.000013
axis_profile grouped_submit 0.000014
axis_profile train_backward 0.000623
axis_profile train_optimizer 0.000507
axis_profile synchronize 0.101669
axis_profile train_boundary 0.101756
axis_profile merge 0.000002
axis_profile grouped_submit 0.000019
axis_profile align 0.000031
axis_profile grouped_submit 0.000014
axis_profile merge 0.000027
axis_profile grouped_submit 0.000015
axis_profile align 0.000026
axis_profile merge 0.000002
axis_profile grouped_submit 0.000016
axis_profile align 0.000028
axis_profile grouped_submit 0.000013
axis_profile mean 0.000025
axis_profile grouped_submit 0.000012
axis_profile align 0.000024
axis_profile grouped_submit 0.000013
axis_profile align 0.000035
axis_profile grouped_submit 0.000036
axis_profile mean 0.000048
axis_profile read 0.044405
axis_profile merge 0.000003
axis_profile grouped_submit 0.000036
axis_profile align 0.000049
axis_profile grouped_submit 0.000016
axis_profile merge 0.000032
axis_profile grouped_submit 0.000014
axis_profile align 0.000026
axis_profile merge 0.000002
axis_profile grouped_submit 0.000017
axis_profile align 0.000029
axis_profile grouped_submit 0.000013
axis_profile mean 0.000025
axis_profile grouped_submit 0.000016
axis_profile align 0.000029
axis_profile grouped_submit 0.000015
axis_profile align 0.000027
axis_profile read 0.044811
backbone=conv-scale method=ordered seed=11 initial=0.285610 final=0.240767 set_mse=0.23245905 ordered_mse=0.24444176 min_center_distance=0.014384 seconds=17.317
axis_profile merge 1.955089
axis_profile grouped_submit 0.002826
axis_profile align 0.049268
axis_profile grouped_submit 0.003520
axis_profile merge 2.072510
axis_profile grouped_submit 0.003648
axis_profile align 0.049714
axis_profile merge 1.935814
axis_profile grouped_submit 0.003542
axis_profile align 0.056815
axis_profile grouped_submit 0.004218
axis_profile mean 0.113601
axis_profile grouped_submit 0.000039
axis_profile align 0.000181
axis_profile grouped_submit 0.000029
axis_profile align 0.000070
axis_profile grouped_submit 0.000062
axis_profile align 0.000826
axis_profile grouped_submit 0.000052
axis_profile mean 0.001161
axis_profile min 0.793088
axis_profile grouped_submit 0.000095
axis_profile mean 0.000119
axis_profile read 0.000016
axis_profile train_zero_grad 0.000007
axis_profile merge 0.000004
axis_profile grouped_submit 0.000050
axis_profile align 0.000070
axis_profile grouped_submit 0.000028
axis_profile merge 0.000051
axis_profile grouped_submit 0.000027
axis_profile align 0.000047
axis_profile merge 0.000003
axis_profile grouped_submit 0.000029
axis_profile align 0.000051
axis_profile grouped_submit 0.000018
axis_profile mean 0.000035
axis_profile grouped_submit 0.000021
axis_profile align 0.000035
axis_profile grouped_submit 0.000015
axis_profile align 0.000032
axis_profile grouped_submit 0.000025
axis_profile align 0.000044
axis_profile grouped_submit 0.000025
axis_profile mean 0.000043
axis_profile min 0.000087
axis_profile grouped_submit 0.000052
axis_profile mean 0.000069
axis_profile train_loss 0.001479
axis_profile grouped_submit 0.000101
axis_profile grouped_submit 0.000039
axis_profile grouped_submit 0.000302
axis_profile grouped_submit 0.000047
axis_profile grouped_submit 0.002983
axis_profile grouped_submit 0.016769
axis_profile grouped_submit 0.025223
axis_profile grouped_submit 0.008202
axis_profile grouped_submit 0.007995
axis_profile grouped_submit 0.000039
axis_profile grouped_submit 0.000029
axis_profile train_backward 0.175684
axis_profile train_optimizer 0.000796
axis_profile synchronize 0.005657
axis_profile train_boundary 0.005821
axis_profile train_zero_grad 0.000005
axis_profile merge 0.000003
axis_profile grouped_submit 0.000017
axis_profile align 0.000029
axis_profile grouped_submit 0.000014
axis_profile merge 0.000030
axis_profile grouped_submit 0.000015
axis_profile align 0.000026
axis_profile merge 0.000002
axis_profile grouped_submit 0.000017
axis_profile align 0.000030
axis_profile grouped_submit 0.000012
axis_profile mean 0.000025
axis_profile grouped_submit 0.000015
axis_profile align 0.000028
axis_profile grouped_submit 0.000014
axis_profile align 0.000026
axis_profile grouped_submit 0.000015
axis_profile align 0.000029
axis_profile grouped_submit 0.000016
axis_profile mean 0.000029
axis_profile min 0.000054
axis_profile grouped_submit 0.000035
axis_profile mean 0.000046
axis_profile train_loss 0.000919
axis_profile grouped_submit 0.000028
axis_profile grouped_submit 0.000022
axis_profile grouped_submit 0.000013
axis_profile grouped_submit 0.000011
axis_profile grouped_submit 0.047315
axis_profile grouped_submit 0.017160
axis_profile grouped_submit 0.000014
axis_profile grouped_submit 0.031252
axis_profile grouped_submit 0.008130
axis_profile grouped_submit 0.000020
axis_profile grouped_submit 0.000017
axis_profile train_backward 0.104671
axis_profile train_optimizer 0.000610
axis_profile synchronize 0.005425
axis_profile train_boundary 0.005576
axis_profile train_zero_grad 0.000005
axis_profile merge 0.000003
axis_profile grouped_submit 0.000016
axis_profile align 0.000028
axis_profile grouped_submit 0.000015
axis_profile merge 0.000029
axis_profile grouped_submit 0.000014
axis_profile align 0.000026
axis_profile merge 0.000002
axis_profile grouped_submit 0.000016
axis_profile align 0.000029
axis_profile grouped_submit 0.000014
axis_profile mean 0.000027
axis_profile grouped_submit 0.000014
axis_profile align 0.000027
axis_profile grouped_submit 0.000015
axis_profile align 0.000027
axis_profile grouped_submit 0.000014
axis_profile align 0.000027
axis_profile grouped_submit 0.000014
axis_profile mean 0.000027
axis_profile min 0.000056
axis_profile grouped_submit 0.000035
axis_profile mean 0.000046
axis_profile train_loss 0.000917
axis_profile grouped_submit 0.000030
axis_profile grouped_submit 0.000021
axis_profile grouped_submit 0.000013
axis_profile grouped_submit 0.000011
axis_profile grouped_submit 0.047151
axis_profile grouped_submit 0.017166
axis_profile grouped_submit 0.000020
axis_profile grouped_submit 0.031721
axis_profile grouped_submit 0.007787
axis_profile grouped_submit 0.000019
axis_profile grouped_submit 0.000019
axis_profile train_backward 0.104772
axis_profile train_optimizer 0.000676
axis_profile synchronize 0.005895
axis_profile train_boundary 0.006030
axis_profile merge 0.000004
axis_profile grouped_submit 0.000017
axis_profile align 0.000028
axis_profile grouped_submit 0.000014
axis_profile merge 0.000029
axis_profile grouped_submit 0.000014
axis_profile align 0.000025
axis_profile merge 0.000002
axis_profile grouped_submit 0.000015
axis_profile align 0.000028
axis_profile grouped_submit 0.000020
axis_profile mean 0.000034
axis_profile grouped_submit 0.000014
axis_profile align 0.000027
axis_profile grouped_submit 0.000016
axis_profile align 0.000027
axis_profile grouped_submit 0.000014
axis_profile align 0.000027
axis_profile grouped_submit 0.000015
axis_profile mean 0.000027
axis_profile min 0.000055
axis_profile grouped_submit 0.000035
axis_profile mean 0.000046
axis_profile read 0.043863
axis_profile merge 0.000002
axis_profile grouped_submit 0.000034
axis_profile align 0.000046
axis_profile grouped_submit 0.000014
axis_profile merge 0.000029
axis_profile grouped_submit 0.000014
axis_profile align 0.000026
axis_profile merge 0.000002
axis_profile grouped_submit 0.000015
axis_profile align 0.000028
axis_profile grouped_submit 0.000014
axis_profile mean 0.000026
axis_profile grouped_submit 0.000021
axis_profile align 0.000035
axis_profile grouped_submit 0.000014
axis_profile align 0.000026
axis_profile read 0.044820
backbone=conv-scale method=set seed=11 initial=0.280453 final=0.224598 set_mse=0.22758923 ordered_mse=0.24550579 min_center_distance=0.039436 seconds=7.529
PASS: completed 2 improving runs
	Command being timed: "/mnt/fast980/projects/src/rasat/build/axis-issue-22/release/perm --conv-scale --smoke"
	User time (seconds): 23.64
	System time (seconds): 1.62
	Percent of CPU this job got: 100%
	Elapsed (wall clock) time (h:mm:ss or m:ss): 0:25.07
	Average shared text size (kbytes): 0
	Average unshared data size (kbytes): 0
	Average stack size (kbytes): 0
	Average total size (kbytes): 0
	Maximum resident set size (kbytes): 532636
	Average resident set size (kbytes): 0
	Major (requiring I/O) page faults: 0
	Minor (reclaiming a frame) page faults: 605038
	Voluntary context switches: 10324
	Involuntary context switches: 702
	Swaps: 0
	File system inputs: 0
	File system outputs: 0
	Socket messages sent: 0
	Socket messages received: 0
	Signals delivered: 0
	Page size (bytes): 4096
	Exit status: 0
