   Compiling mlp v0.1.0 (/mnt/fast980/projects/src/rasat/src/research/cutile-mlp/src/mlp)
    Finished `release` profile [optimized] target(s) in 0.39s
     Running `cutile-mlp/target/release/axis-mlp --smoke`
initial train_mse=0.75104278 validation_mse=0.69325835
step=1 train_mse=0.75104278
step=10 train_mse=0.31559768
final train_mse=0.30499882 validation_mse=0.28722912 elapsed_s=1.02
PASS: named-axis MLP learned on cuTile
   Compiling mlp v0.1.0 (/mnt/fast980/projects/src/rasat/src/research/cutile-mlp/src/mlp)
    Finished `release` profile [optimized] target(s) in 1.72s
     Running `cutile-mlp/target/release/cutile-mlp --verify-only`
GPU: NVIDIA GeForce RTX 5060
cuTile 0.3.1 | MLP 16 -> 32 ReLU -> 16 | f32 | SGD
check finite differences: PASS 16 parameters max_abs_error=3.59e-11
check prediction: PASS max_abs_error=2.89e-7
check dW1: PASS max_abs_error=4.11e-9
check db1: PASS max_abs_error=3.59e-9
check dW2: PASS max_abs_error=7.63e-9
check db2: PASS max_abs_error=6.17e-9
check updated W1: PASS max_abs_error=2.99e-8
check updated b1: PASS max_abs_error=3.29e-9
check updated W2: PASS max_abs_error=1.43e-8
check updated b2: PASS max_abs_error=3.72e-9
   Compiling cnn v0.1.0 (/mnt/fast980/projects/src/rasat/src/research/cutile-mlp/src/cnn)
    Finished `release` profile [optimized] target(s) in 2.74s
     Running `cutile-mlp/target/release/cutile-cnn --verify-only`
GPU: NVIDIA GeForce RTX 5060
cuTile 0.3.1 | CNN 1x10x10 -> conv3x3/16 -> ReLU -> mean -> linear/1 | BCE | SGD
check finite differences: PASS 13 parameters max_abs_error=8.08e-11
check conv+ReLU: PASS max_abs_error=2.65e-7
check mean pooling: PASS max_abs_error=2.89e-8
check logits: PASS max_abs_error=2.60e-8
check d conv weight: PASS max_abs_error=2.97e-9
check d conv bias: PASS max_abs_error=2.64e-9
check d head weight: PASS max_abs_error=3.59e-9
check d head bias: PASS max_abs_error=2.27e-8
check updated conv weight: PASS max_abs_error=2.85e-8
check updated conv bias: PASS max_abs_error=3.33e-9
check updated head weight: PASS max_abs_error=1.30e-8
check updated head bias: PASS max_abs_error=3.77e-9
