GPU: NVIDIA GeForce RTX 5060
cuTile 0.3.1 | MLP 16 -> 32 ReLU -> 16 | f32 | SGD
check finite differences: PASS 16 parameters max_abs_error=3.59e-11
check prediction: PASS max_abs_error=2.89e-7
check dW1: PASS max_abs_error=4.11e-9
check db1: PASS max_abs_error=3.59e-9
check dW2: PASS max_abs_error=7.63e-9
check db2: PASS max_abs_error=6.17e-9
check updated W1: PASS max_abs_error=2.99e-8
check updated b1: PASS max_abs_error=3.29e-9
check updated W2: PASS max_abs_error=1.43e-8
check updated b2: PASS max_abs_error=3.72e-9
setup_and_verification_seconds=1.83 steps=10 lr=0.50 seed=42
step,train_mse,validation_mse,elapsed_seconds
0,7.51e-1,6.93e-1,0.00
1,5.85e-1,5.38e-1,0.00
2,4.93e-1,4.54e-1,0.00
3,4.38e-1,4.04e-1,0.00
4,4.02e-1,3.72e-1,0.00
5,3.76e-1,3.49e-1,0.00
6,3.57e-1,3.32e-1,0.00
7,3.41e-1,3.18e-1,0.00
8,3.27e-1,3.07e-1,0.00
9,3.16e-1,2.96e-1,0.00
10,3.05e-1,2.87e-1,0.00
PASS train_reduction=59.39% validation_reduction=58.57% elapsed_seconds=0.00
